=== [12:29:09] START en_f5_run.py arm v10 f5 ===
Warning: You are sending unauthenticated requests to the HF Hub. Please set a HF_TOKEN to enable higher rate limits and faster downloads.
The Transformer `cache_dir` argument is deprecated. Please pass `cache_dir` via `model_kwargs`, `processor_kwargs`, and/or `config_kwargs` instead.
Loading weights:   0%|          | 0/201 [00:00<?, ?it/s]Loading weights: 100%|██████████| 201/201 [00:00<00:00, 3551.57it/s]
k_lighthouse 3 nodes -> 2 edges (3 pairs logged)
k_kiln 3 nodes -> 1 edges (3 pairs logged)
k_ferry 4 nodes -> 3 edges (6 pairs logged)
k_icerink 4 nodes -> 1 edges (6 pairs logged)
k_mushroom 5 nodes -> 2 edges (10 pairs logged)
k_brewery 3 nodes -> 1 edges (2 pairs logged)
r_fountain 4 nodes -> 2 edges (6 pairs logged)
r_ewaste 6 nodes -> 3 edges (14 pairs logged)
r_verticalfarm 4 nodes -> 1 edges (4 pairs logged)
r_helicopter 4 nodes -> 2 edges (5 pairs logged)
r_paper 4 nodes -> 1 edges (5 pairs logged)
r_solarfarm 4 nodes -> 1 edges (5 pairs logged)
n_chemistry 3 nodes -> 0 edges (3 pairs logged)
n_stage 3 nodes -> 0 edges (3 pairs logged)
n_vetsurgery 7 nodes -> 7 edges (21 pairs logged)
n_3dprint 3 nodes -> 0 edges (3 pairs logged)
n_wildlife 5 nodes -> 0 edges (10 pairs logged)
n_groundwater 3 nodes -> 1 edges (2 pairs logged)
n_hoodclean 6 nodes -> 2 edges (15 pairs logged)
n_maple 5 nodes -> 2 edges (10 pairs logged)
[arm:v10:f5] done -> /workspace/guardian/ie_wt/experiments/searh_23/event_normalization_f5/outputs/arms/f5_v10
=== [12:47:02] END rc=0 en_f5_run.py arm v10 f5 ===
=== [12:47:02] START en_f5_run.py arm v11 f5 ===
Warning: You are sending unauthenticated requests to the HF Hub. Please set a HF_TOKEN to enable higher rate limits and faster downloads.
The Transformer `cache_dir` argument is deprecated. Please pass `cache_dir` via `model_kwargs`, `processor_kwargs`, and/or `config_kwargs` instead.
Loading weights:   0%|          | 0/201 [00:00<?, ?it/s]Loading weights: 100%|██████████| 201/201 [00:00<00:00, 3515.86it/s]
k_lighthouse 3 nodes -> 2 edges (3 pairs logged)
k_kiln 4 nodes -> 1 edges (5 pairs logged)
k_ferry 4 nodes -> 3 edges (6 pairs logged)
k_icerink 4 nodes -> 1 edges (6 pairs logged)
k_mushroom 5 nodes -> 2 edges (10 pairs logged)
k_brewery 3 nodes -> 1 edges (2 pairs logged)
r_fountain 3 nodes -> 2 edges (3 pairs logged)
r_ewaste 6 nodes -> 3 edges (14 pairs logged)
r_verticalfarm 4 nodes -> 1 edges (4 pairs logged)
r_helicopter 4 nodes -> 1 edges (5 pairs logged)
r_paper 4 nodes -> 1 edges (5 pairs logged)
r_solarfarm 3 nodes -> 1 edges (3 pairs logged)
n_chemistry 3 nodes -> 0 edges (3 pairs logged)
n_stage 3 nodes -> 0 edges (3 pairs logged)
n_vetsurgery 7 nodes -> 7 edges (21 pairs logged)
n_3dprint 3 nodes -> 0 edges (3 pairs logged)
n_wildlife 5 nodes -> 0 edges (10 pairs logged)
n_groundwater 2 nodes -> 1 edges (1 pairs logged)
n_hoodclean 6 nodes -> 2 edges (15 pairs logged)
n_maple 5 nodes -> 2 edges (10 pairs logged)
[arm:v11:f5] done -> /workspace/guardian/ie_wt/experiments/searh_23/event_normalization_f5/outputs/arms/f5_v11
=== [12:53:56] END rc=0 en_f5_run.py arm v11 f5 ===
=== [12:53:56] START en_f5_run.py arm oracleA f5 ===
Warning: You are sending unauthenticated requests to the HF Hub. Please set a HF_TOKEN to enable higher rate limits and faster downloads.
The Transformer `cache_dir` argument is deprecated. Please pass `cache_dir` via `model_kwargs`, `processor_kwargs`, and/or `config_kwargs` instead.
Loading weights:   0%|          | 0/201 [00:00<?, ?it/s]Loading weights: 100%|██████████| 201/201 [00:00<00:00, 3347.61it/s]
k_lighthouse 3 nodes -> 2 edges (3 pairs logged)
k_kiln 3 nodes -> 1 edges (3 pairs logged)
k_ferry 4 nodes -> 3 edges (6 pairs logged)
k_icerink 5 nodes -> 4 edges (9 pairs logged)
k_mushroom 4 nodes -> 2 edges (6 pairs logged)
k_brewery 3 nodes -> 1 edges (2 pairs logged)
r_fountain 3 nodes -> 2 edges (3 pairs logged)
r_ewaste 4 nodes -> 1 edges (5 pairs logged)
r_verticalfarm 4 nodes -> 1 edges (4 pairs logged)
r_helicopter 4 nodes -> 2 edges (5 pairs logged)
r_paper 4 nodes -> 1 edges (6 pairs logged)
r_solarfarm 3 nodes -> 1 edges (3 pairs logged)
n_chemistry 5 nodes -> 1 edges (10 pairs logged)
n_stage 2 nodes -> 0 edges (1 pairs logged)
n_vetsurgery 5 nodes -> 4 edges (10 pairs logged)
n_3dprint 4 nodes -> 0 edges (5 pairs logged)
n_wildlife 5 nodes -> 0 edges (10 pairs logged)
n_groundwater 4 nodes -> 1 edges (3 pairs logged)
n_hoodclean 7 nodes -> 1 edges (20 pairs logged)
n_maple 6 nodes -> 2 edges (14 pairs logged)
[arm:oracleA:f5] done -> /workspace/guardian/ie_wt/experiments/searh_23/event_normalization_f5/outputs/arms/f5_oracleA
=== [13:22:17] END rc=0 en_f5_run.py arm oracleA f5 ===
=== [13:22:17] START en_f5_run.py arm oracleB f5 ===
The Transformer `cache_dir` argument is deprecated. Please pass `cache_dir` via `model_kwargs`, `processor_kwargs`, and/or `config_kwargs` instead.
Warning: You are sending unauthenticated requests to the HF Hub. Please set a HF_TOKEN to enable higher rate limits and faster downloads.
Loading weights:   0%|          | 0/201 [00:00<?, ?it/s]Loading weights: 100%|██████████| 201/201 [00:00<00:00, 3501.38it/s]
k_lighthouse 3 nodes -> 2 edges (3 pairs logged)
k_kiln 6 nodes -> 1 edges (12 pairs logged)
k_ferry 4 nodes -> 3 edges (6 pairs logged)
k_icerink 4 nodes -> 1 edges (6 pairs logged)
k_mushroom 6 nodes -> 2 edges (14 pairs logged)
k_brewery 4 nodes -> 1 edges (3 pairs logged)
r_fountain 5 nodes -> 1 edges (9 pairs logged)
r_ewaste 7 nodes -> 3 edges (19 pairs logged)
r_verticalfarm 4 nodes -> 1 edges (4 pairs logged)
r_helicopter 5 nodes -> 2 edges (7 pairs logged)
r_paper 5 nodes -> 1 edges (8 pairs logged)
r_solarfarm 5 nodes -> 1 edges (8 pairs logged)
n_chemistry 3 nodes -> 0 edges (3 pairs logged)
n_stage 3 nodes -> 0 edges (3 pairs logged)
n_vetsurgery 6 nodes -> 5 edges (15 pairs logged)
n_3dprint 5 nodes -> 0 edges (7 pairs logged)
n_wildlife 5 nodes -> 0 edges (10 pairs logged)
n_groundwater 5 nodes -> 1 edges (4 pairs logged)
n_hoodclean 8 nodes -> 2 edges (26 pairs logged)
n_maple 6 nodes -> 2 edges (12 pairs logged)
[arm:oracleB:f5] done -> /workspace/guardian/ie_wt/experiments/searh_23/event_normalization_f5/outputs/arms/f5_oracleB
=== [14:38:27] END rc=0 en_f5_run.py arm oracleB f5 ===
=== [14:38:27] START en_f5_run.py arm modular f5 ===
Warning: You are sending unauthenticated requests to the HF Hub. Please set a HF_TOKEN to enable higher rate limits and faster downloads.
The Transformer `cache_dir` argument is deprecated. Please pass `cache_dir` via `model_kwargs`, `processor_kwargs`, and/or `config_kwargs` instead.
Loading weights:   0%|          | 0/201 [00:00<?, ?it/s]Loading weights: 100%|██████████| 201/201 [00:00<00:00, 3400.73it/s]
k_lighthouse 3 nodes -> 2 edges (3 pairs logged)
k_kiln 3 nodes -> 1 edges (3 pairs logged)
k_ferry 4 nodes -> 3 edges (6 pairs logged)
k_icerink 5 nodes -> 1 edges (9 pairs logged)
k_mushroom 5 nodes -> 2 edges (10 pairs logged)
k_brewery 2 nodes -> 1 edges (1 pairs logged)
r_fountain 3 nodes -> 1 edges (3 pairs logged)
r_ewaste 3 nodes -> 1 edges (3 pairs logged)
r_verticalfarm 2 nodes -> 1 edges (1 pairs logged)
r_helicopter 3 nodes -> 1 edges (3 pairs logged)
r_paper 4 nodes -> 1 edges (5 pairs logged)
r_solarfarm 3 nodes -> 1 edges (3 pairs logged)
n_chemistry 3 nodes -> 0 edges (3 pairs logged)
n_stage 3 nodes -> 0 edges (3 pairs logged)
n_vetsurgery 4 nodes -> 1 edges (6 pairs logged)
n_3dprint 3 nodes -> 0 edges (3 pairs logged)
n_wildlife 5 nodes -> 0 edges (10 pairs logged)
n_groundwater 2 nodes -> 1 edges (1 pairs logged)
n_hoodclean 5 nodes -> 1 edges (10 pairs logged)
n_maple 4 nodes -> 2 edges (6 pairs logged)
[arm:modular:f5] done -> /workspace/guardian/ie_wt/experiments/searh_23/event_normalization_f5/outputs/arms/f5_modular
=== [15:33:16] END rc=0 en_f5_run.py arm modular f5 ===
=== ARMS_RERUN_COMPLETE 15:33:16 ===
