=== [12:03:55] START en_f5_run.py frontend f5 ===
k_lighthouse 9
k_kiln 15
k_ferry 13
k_icerink 13
k_mushroom 6
k_brewery 9
r_fountain 11
r_ewaste 11
r_verticalfarm 12
r_helicopter 12
r_paper 10
r_solarfarm 13
n_chemistry 14
n_stage 12
n_vetsurgery 15
n_3dprint 11
n_wildlife 15
n_groundwater 12
n_hoodclean 15
n_maple 13
=== [12:08:20] END rc=0 en_f5_run.py frontend f5 ===
=== [12:08:20] START en_f5_run.py hygiene f5 ===
LLM_SG {'cases': 20, 'in': 241, 'dropped_ungrounded': 0, 'stripped_leading_connective': 11, 'kept': 241}
=== [12:08:21] END rc=0 en_f5_run.py hygiene f5 ===
=== [12:08:21] START en_f5_run.py bnorm f5 ===
k_lighthouse 4
k_kiln 11
k_ferry 5
k_icerink 5
k_mushroom 7
k_brewery 6
r_fountain 7
r_ewaste 8
r_verticalfarm 5
r_helicopter 8
r_paper 6
r_solarfarm 6
n_chemistry 4
n_stage 4
n_vetsurgery 8
n_3dprint 5
n_wildlife 6
n_groundwater 5
n_hoodclean 9
n_maple 6
LLM_SG {'NORMALIZE': 50, 'calls': 241, 'SPLIT': 4, 'KEEP': 77, 'DROP': 110, 'deduped': 11}
BNORM_DIR /workspace/guardian/ie_wt/experiments/searh_23/step1_working_v1/outputs/W1_BNORM_383f5df9/LLM_SG
=== [12:20:21] END rc=0 en_f5_run.py bnorm f5 ===
=== [12:20:21] START en_f5_run.py arm v10 f5 ===
Warning: You are sending unauthenticated requests to the HF Hub. Please set a HF_TOKEN to enable higher rate limits and faster downloads.
The Transformer `cache_dir` argument is deprecated. Please pass `cache_dir` via `model_kwargs`, `processor_kwargs`, and/or `config_kwargs` instead.
Loading weights:   0%|          | 0/201 [00:00<?, ?it/s]Loading weights: 100%|██████████| 201/201 [00:00<00:00, 3738.49it/s]
Traceback (most recent call last):
  File "/workspace/guardian/ie_wt/experiments/searh_23/event_normalization_f5/en_f5_run.py", line 458, in <module>
    main()
  File "/workspace/guardian/ie_wt/experiments/searh_23/event_normalization_f5/en_f5_run.py", line 448, in main
    cmd_arm(sys.argv[2], sys.argv[3])
  File "/workspace/guardian/ie_wt/experiments/searh_23/event_normalization_f5/en_f5_run.py", line 366, in cmd_arm
    run_arm(name, suite, build_fn, outdir)
  File "/workspace/guardian/ie_wt/experiments/searh_23/event_normalization_f5/en_f5_run.py", line 166, in run_arm
    exec(compile(loop_source(), "<w1_pipe3_main_loop>", "exec"), ns)
  File "<w1_pipe3_main_loop>", line 7, in <module>
TypeError: build_v10() takes 1 positional argument but 2 were given
=== [12:20:37] END rc=0 en_f5_run.py arm v10 f5 ===
=== [12:20:37] START en_f5_run.py arm v11 f5 ===
Warning: You are sending unauthenticated requests to the HF Hub. Please set a HF_TOKEN to enable higher rate limits and faster downloads.
The Transformer `cache_dir` argument is deprecated. Please pass `cache_dir` via `model_kwargs`, `processor_kwargs`, and/or `config_kwargs` instead.
Loading weights:   0%|          | 0/201 [00:00<?, ?it/s]Loading weights: 100%|██████████| 201/201 [00:00<00:00, 4179.75it/s]
Traceback (most recent call last):
  File "/workspace/guardian/ie_wt/experiments/searh_23/event_normalization_f5/en_f5_run.py", line 458, in <module>
    main()
  File "/workspace/guardian/ie_wt/experiments/searh_23/event_normalization_f5/en_f5_run.py", line 448, in main
    cmd_arm(sys.argv[2], sys.argv[3])
  File "/workspace/guardian/ie_wt/experiments/searh_23/event_normalization_f5/en_f5_run.py", line 366, in cmd_arm
    run_arm(name, suite, build_fn, outdir)
  File "/workspace/guardian/ie_wt/experiments/searh_23/event_normalization_f5/en_f5_run.py", line 166, in run_arm
    exec(compile(loop_source(), "<w1_pipe3_main_loop>", "exec"), ns)
  File "<w1_pipe3_main_loop>", line 7, in <module>
TypeError: build_v11_factory.<locals>.build_v11() takes 1 positional argument but 2 were given
=== [12:20:57] END rc=0 en_f5_run.py arm v11 f5 ===
=== [12:20:57] START en_f5_run.py arm oracleA f5 ===
Warning: You are sending unauthenticated requests to the HF Hub. Please set a HF_TOKEN to enable higher rate limits and faster downloads.
The Transformer `cache_dir` argument is deprecated. Please pass `cache_dir` via `model_kwargs`, `processor_kwargs`, and/or `config_kwargs` instead.
Loading weights:   0%|          | 0/201 [00:00<?, ?it/s]Loading weights: 100%|██████████| 201/201 [00:00<00:00, 3845.21it/s]
Traceback (most recent call last):
  File "/workspace/guardian/ie_wt/experiments/searh_23/event_normalization_f5/en_f5_run.py", line 458, in <module>
    main()
  File "/workspace/guardian/ie_wt/experiments/searh_23/event_normalization_f5/en_f5_run.py", line 448, in main
    cmd_arm(sys.argv[2], sys.argv[3])
  File "/workspace/guardian/ie_wt/experiments/searh_23/event_normalization_f5/en_f5_run.py", line 366, in cmd_arm
    run_arm(name, suite, build_fn, outdir)
  File "/workspace/guardian/ie_wt/experiments/searh_23/event_normalization_f5/en_f5_run.py", line 166, in run_arm
    exec(compile(loop_source(), "<w1_pipe3_main_loop>", "exec"), ns)
  File "<w1_pipe3_main_loop>", line 7, in <module>
TypeError: build_gold_nodes() takes 1 positional argument but 2 were given
=== [12:21:13] END rc=0 en_f5_run.py arm oracleA f5 ===
=== [12:21:13] START en_f5_run.py arm oracleB f5 ===
Warning: You are sending unauthenticated requests to the HF Hub. Please set a HF_TOKEN to enable higher rate limits and faster downloads.
The Transformer `cache_dir` argument is deprecated. Please pass `cache_dir` via `model_kwargs`, `processor_kwargs`, and/or `config_kwargs` instead.
Loading weights:   0%|          | 0/201 [00:00<?, ?it/s]Loading weights: 100%|██████████| 201/201 [00:00<00:00, 3392.13it/s]
Traceback (most recent call last):
  File "/workspace/guardian/ie_wt/experiments/searh_23/event_normalization_f5/en_f5_run.py", line 458, in <module>
    main()
  File "/workspace/guardian/ie_wt/experiments/searh_23/event_normalization_f5/en_f5_run.py", line 448, in main
    cmd_arm(sys.argv[2], sys.argv[3])
  File "/workspace/guardian/ie_wt/experiments/searh_23/event_normalization_f5/en_f5_run.py", line 366, in cmd_arm
    run_arm(name, suite, build_fn, outdir)
  File "/workspace/guardian/ie_wt/experiments/searh_23/event_normalization_f5/en_f5_run.py", line 166, in run_arm
    exec(compile(loop_source(), "<w1_pipe3_main_loop>", "exec"), ns)
  File "<w1_pipe3_main_loop>", line 7, in <module>
TypeError: build_oracle_b_factory.<locals>.build() takes 1 positional argument but 2 were given
=== [12:21:30] END rc=0 en_f5_run.py arm oracleB f5 ===
=== [12:21:30] START en_f5_identity.py ===
[bench] f5 gold pairs: 219 (Counter({'DIFFERENT_EVENT': 105, 'RELATED_BUT_DIFFERENT': 93, 'SAME_EVENT': 21}))
Warning: You are sending unauthenticated requests to the HF Hub. Please set a HF_TOKEN to enable higher rate limits and faster downloads.
Loading weights:   0%|          | 0/199 [00:00<?, ?it/s]Loading weights: 100%|██████████| 199/199 [00:00<00:00, 3418.40it/s]
The Transformer `cache_dir` argument is deprecated. Please pass `cache_dir` via `model_kwargs`, `processor_kwargs`, and/or `config_kwargs` instead.
Loading weights:   0%|          | 0/201 [00:00<?, ?it/s]Loading weights: 100%|██████████| 201/201 [00:00<00:00, 3350.63it/s]
[f5] A_lex: F1=0.3 P=0.231 R=0.429 dangerous=13
[f5] B_emb: F1=0.473 P=0.382 R=0.619 dangerous=8
[f5] C_ce: F1=0.175 P=0.096 R=1.0 dangerous=105
[f5] H_v10: F1=0.612 P=0.536 R=0.714 dangerous=1
[f5] D_pred: F1=0.667 P=0.667 R=0.667 dangerous=0
[f5] D_pred+ent: F1=0.632 P=0.706 R=0.571 dangerous=0
[f5] D_pred+args: F1=0.632 P=0.706 R=0.571 dangerous=0
[f5] D_pred+ent+args: F1=0.632 P=0.706 R=0.571 dangerous=0
[f5] D_all: F1=0.632 P=0.706 R=0.571 dangerous=0
[f5] D_all+actor: F1=0.595 P=0.688 R=0.524 dangerous=0
[f5] D_no_mode: F1=0.632 P=0.706 R=0.571 dangerous=0
[f5] D_mode_only: F1=0.632 P=0.706 R=0.571 dangerous=0
[f5] I_H_and_D: F1=0.632 P=0.706 R=0.571 dangerous=0
[f5] I_H_or_D: F1=0.612 P=0.536 R=0.714 dangerous=1
  [f4:none] 50 pairs judged
  [f4:none] 100 pairs judged
=== [12:28:29] END rc=0 en_f5_identity.py ===
=== [12:28:29] START en_f5_run.py arm modular f5 ===
f5_modular_decisions.json missing - run en_f5_identity.py first
=== [12:28:29] END rc=0 en_f5_run.py arm modular f5 ===
=== [12:28:29] START en_f5_run.py frontend f5r ===
k_lighthouse_ren 9
k_icerink_ren 13
r_fountain_ren 11
r_ewaste_ren 11
n_chemistry_ren 14
n_maple_ren 13
=== [12:28:37] END rc=0 en_f5_run.py frontend f5r ===
=== [12:28:37] START en_f5_run.py hygiene f5r ===
LLM_SG {'cases': 6, 'in': 71, 'dropped_ungrounded': 0, 'stripped_leading_connective': 4, 'kept': 71}
=== [12:28:37] END rc=0 en_f5_run.py hygiene f5r ===
=== [12:28:37] START en_f5_run.py bnorm f5r ===
k_lighthouse_ren 5
k_icerink_ren 5
r_fountain_ren 7
r_ewaste_ren 8
n_chemistry_ren 4
n_maple_ren 6
LLM_SG {'KEEP': 24, 'calls': 71, 'DROP': 34, 'SPLIT': 1, 'deduped': 3, 'NORMALIZE': 12}
BNORM_DIR /workspace/guardian/ie_wt/experiments/searh_23/step1_working_v1/outputs/W1_BNORM_383f5df9/LLM_SG
=== [12:28:57] END rc=0 en_f5_run.py bnorm f5r ===
=== [12:28:57] START en_f5_run.py arm v10 f5r ===
Warning: You are sending unauthenticated requests to the HF Hub. Please set a HF_TOKEN to enable higher rate limits and faster downloads.
The Transformer `cache_dir` argument is deprecated. Please pass `cache_dir` via `model_kwargs`, `processor_kwargs`, and/or `config_kwargs` instead.
Loading weights:   0%|          | 0/201 [00:00<?, ?it/s]Loading weights: 100%|██████████| 201/201 [00:00<00:00, 3526.41it/s]
k_lighthouse_ren 4 nodes -> 2 edges (6 pairs logged)
k_icerink_ren 4 nodes -> 1 edges (6 pairs logged)
r_fountain_ren 4 nodes -> 2 edges (6 pairs logged)
r_ewaste_ren 6 nodes -> 4 edges (14 pairs logged)
n_chemistry_ren 3 nodes -> 0 edges (3 pairs logged)
n_maple_ren 5 nodes -> 2 edges (10 pairs logged)
[arm:v10:f5r] done -> /workspace/guardian/ie_wt/experiments/searh_23/event_normalization_f5/outputs/arms/f5r_v10
=== [12:35:34] END rc=0 en_f5_run.py arm v10 f5r ===
=== [12:35:34] START en_f5_run.py arm v11 f5r ===
Warning: You are sending unauthenticated requests to the HF Hub. Please set a HF_TOKEN to enable higher rate limits and faster downloads.
The Transformer `cache_dir` argument is deprecated. Please pass `cache_dir` via `model_kwargs`, `processor_kwargs`, and/or `config_kwargs` instead.
Loading weights:   0%|          | 0/201 [00:00<?, ?it/s]Loading weights: 100%|██████████| 201/201 [00:00<00:00, 3182.20it/s]
k_lighthouse_ren 4 nodes -> 2 edges (6 pairs logged)
k_icerink_ren 4 nodes -> 1 edges (6 pairs logged)
r_fountain_ren 3 nodes -> 2 edges (3 pairs logged)
r_ewaste_ren 6 nodes -> 3 edges (14 pairs logged)
n_chemistry_ren 3 nodes -> 0 edges (3 pairs logged)
n_maple_ren 5 nodes -> 2 edges (10 pairs logged)
[arm:v11:f5r] done -> /workspace/guardian/ie_wt/experiments/searh_23/event_normalization_f5/outputs/arms/f5r_v11
=== [12:38:41] END rc=0 en_f5_run.py arm v11 f5r ===
=== [12:38:41] START en_f5_run.py frontend cf ===
cf_filter_a 3
cf_filter_b 7
cf_otters_a 6
cf_otters_b 4
cf_vessel_a 5
cf_vessel_b 7
cf_payment_a 8
cf_payment_b 7
cf_batch_a 4
cf_batch_b 4
=== [12:41:38] END rc=0 en_f5_run.py frontend cf ===
=== [12:41:38] START en_f5_run.py hygiene cf ===
LLM_SG {'cases': 10, 'in': 55, 'dropped_ungrounded': 0, 'stripped_leading_connective': 9, 'kept': 55}
=== [12:41:39] END rc=0 en_f5_run.py hygiene cf ===
=== [12:41:39] START en_f5_run.py bnorm cf ===
cf_filter_a 3
cf_filter_b 4
cf_otters_a 4
cf_otters_b 5
cf_vessel_a 3
cf_vessel_b 3
cf_payment_a 5
cf_payment_b 5
cf_batch_a 2
cf_batch_b 2
LLM_SG {'KEEP': 30, 'calls': 55, 'NORMALIZE': 6, 'DROP': 18, 'deduped': 3, 'SPLIT': 1}
BNORM_DIR /workspace/guardian/ie_wt/experiments/searh_23/step1_working_v1/outputs/W1_BNORM_383f5df9/LLM_SG
=== [12:46:09] END rc=0 en_f5_run.py bnorm cf ===
=== [12:46:09] START en_f5_run.py nodes v10 cf ===
cf_filter_a 2 nodes
cf_filter_b 2 nodes
cf_otters_a 3 nodes
cf_otters_b 2 nodes
cf_vessel_a 2 nodes
cf_vessel_b 2 nodes
cf_payment_a 4 nodes
cf_payment_b 3 nodes
cf_batch_a 2 nodes
cf_batch_b 2 nodes
[nodes:v10:cf] -> /workspace/guardian/ie_wt/experiments/searh_23/event_normalization_f5/outputs/nodes_cf/v10.json
=== [12:46:09] END rc=0 en_f5_run.py nodes v10 cf ===
=== [12:46:09] START en_f5_run.py nodes v11 cf ===
cf_filter_a 2 nodes
cf_filter_b 2 nodes
cf_otters_a 3 nodes
cf_otters_b 2 nodes
cf_vessel_a 2 nodes
cf_vessel_b 1 nodes
cf_payment_a 4 nodes
cf_payment_b 3 nodes
cf_batch_a 2 nodes
cf_batch_b 2 nodes
[nodes:v11:cf] -> /workspace/guardian/ie_wt/experiments/searh_23/event_normalization_f5/outputs/nodes_cf/v11.json
=== [12:46:18] END rc=0 en_f5_run.py nodes v11 cf ===
=== ROUND COMPLETE 12:46:18 ===
