[bench] f5 gold pairs: 219 (Counter({'DIFFERENT_EVENT': 105, 'RELATED_BUT_DIFFERENT': 93, 'SAME_EVENT': 21}))
Warning: You are sending unauthenticated requests to the HF Hub. Please set a HF_TOKEN to enable higher rate limits and faster downloads.
Loading weights:   0%|          | 0/199 [00:00<?, ?it/s]Loading weights: 100%|██████████| 199/199 [00:00<00:00, 3694.57it/s]
The Transformer `cache_dir` argument is deprecated. Please pass `cache_dir` via `model_kwargs`, `processor_kwargs`, and/or `config_kwargs` instead.
Loading weights:   0%|          | 0/201 [00:00<?, ?it/s]Loading weights: 100%|██████████| 201/201 [00:00<00:00, 3163.56it/s]
[f5] A_lex: F1=0.3 P=0.231 R=0.429 dangerous=13
[f5] B_emb: F1=0.473 P=0.382 R=0.619 dangerous=8
[f5] C_ce: F1=0.175 P=0.096 R=1.0 dangerous=105
[f5] H_v10: F1=0.612 P=0.536 R=0.714 dangerous=1
[f5] D_pred: F1=0.667 P=0.667 R=0.667 dangerous=0
[f5] D_pred+ent: F1=0.632 P=0.706 R=0.571 dangerous=0
[f5] D_pred+args: F1=0.632 P=0.706 R=0.571 dangerous=0
[f5] D_pred+ent+args: F1=0.632 P=0.706 R=0.571 dangerous=0
[f5] D_all: F1=0.632 P=0.706 R=0.571 dangerous=0
[f5] D_all+actor: F1=0.595 P=0.688 R=0.524 dangerous=0
[f5] D_no_mode: F1=0.632 P=0.706 R=0.571 dangerous=0
[f5] D_mode_only: F1=0.632 P=0.706 R=0.571 dangerous=0
[f5] I_H_and_D: F1=0.632 P=0.706 R=0.571 dangerous=0
[f5] I_H_or_D: F1=0.612 P=0.536 R=0.714 dangerous=1
  [f4:none] 50 pairs judged
  [f4:none] 100 pairs judged
  [f4:none] 150 pairs judged
  [f4:none] 200 pairs judged
[f5] F4way: {'P': 0.636, 'R': 0.667, 'F1': 0.651, 'tp': 14, 'fp': 8, 'fn': 7, 'tn': 190, 'dangerous_merges': 0, 'confusion': {'RELATED_BUT_DIFFERENT->RELATED_BUT_DIFFERENT': 79, 'SAME_EVENT->SAME_EVENT': 14, 'DIFFERENT_EVENT->RELATED_BUT_DIFFERENT': 56, 'SAME_EVENT->RELATED_BUT_DIFFERENT': 6, 'DIFFERENT_EVENT->DIFFERENT_EVENT': 49, 'SAME_EVENT->AMBIGUOUS': 1, 'RELATED_BUT_DIFFERENT->SAME_EVENT': 8, 'RELATED_BUT_DIFFERENT->DIFFERENT_EVENT': 6}, 'n_pairs': 219, 'label_dist': {'RELATED_BUT_DIFFERENT': 141, 'SAME_EVENT': 22, 'DIFFERENT_EVENT': 55, 'AMBIGUOUS': 1}}
[f5] candidate generation: {'locality': {'candidate_pairs': 219, 'reduction': 0.0, 'same_recall': 1.0, 'hard_negative_density': 0.904}, 'lemma': {'candidate_pairs': 41, 'reduction': 0.813, 'same_recall': 0.619, 'hard_negative_density': 0.683}, 'emb3': {'candidate_pairs': 178, 'reduction': 0.187, 'same_recall': 1.0, 'hard_negative_density': 0.882}, 'union': {'candidate_pairs': 219, 'reduction': 0.0, 'same_recall': 1.0, 'hard_negative_density': 0.904}}
[bench] f5 A-layer pairs: 260 (Counter({'AMBIGUOUS': 131, 'DIFFERENT_EVENT': 78, 'RELATED_BUT_DIFFERENT': 41, 'SAME_EVENT': 10}))
[bench] f5 A-layer candidate pairs: 217
  [f4:none] 50 pairs judged
  [f4:none] 100 pairs judged
  [f4:none] 150 pairs judged
  [f4:none] 200 pairs judged
[f5] F4way_fa: {'P': 0.29, 'R': 0.9, 'F1': 0.439, 'tp': 9, 'fp': 22, 'fn': 1, 'tn': 185, 'dangerous_merges': 0, 'confusion': {'RELATED_BUT_DIFFERENT->RELATED_BUT_DIFFERENT': 36, 'SAME_EVENT->SAME_EVENT': 9, 'DIFFERENT_EVENT->RELATED_BUT_DIFFERENT': 35, 'AMBIGUOUS->RELATED_BUT_DIFFERENT': 60, 'AMBIGUOUS->SAME_EVENT': 21, 'DIFFERENT_EVENT->DIFFERENT_EVENT': 28, 'AMBIGUOUS->DIFFERENT_EVENT': 21, 'AMBIGUOUS->AMBIGUOUS': 3, 'SAME_EVENT->RELATED_BUT_DIFFERENT': 1, 'RELATED_BUT_DIFFERENT->DIFFERENT_EVENT': 2, 'RELATED_BUT_DIFFERENT->SAME_EVENT': 1}, 'n_pairs': 217}
[f5] I_HF_fa: {'P': 0.196, 'R': 1.0, 'F1': 0.328, 'tp': 10, 'fp': 41, 'fn': 0, 'tn': 209, 'dangerous_merges': 7, 'confusion': {'RELATED_BUT_DIFFERENT->RELATED_BUT_DIFFERENT': 36, 'SAME_EVENT->SAME_EVENT': 10, 'DIFFERENT_EVENT->RELATED_BUT_DIFFERENT': 29, 'AMBIGUOUS->RELATED_BUT_DIFFERENT': 49, 'AMBIGUOUS->AMBIGUOUS': 29, 'AMBIGUOUS->SAME_EVENT': 33, 'DIFFERENT_EVENT->DIFFERENT_EVENT': 27, 'DIFFERENT_EVENT->AMBIGUOUS': 15, 'AMBIGUOUS->DIFFERENT_EVENT': 20, 'DIFFERENT_EVENT->SAME_EVENT': 7, 'RELATED_BUT_DIFFERENT->AMBIGUOUS': 2, 'RELATED_BUT_DIFFERENT->DIFFERENT_EVENT': 2, 'RELATED_BUT_DIFFERENT->SAME_EVENT': 1}}
[modular] decisions for 20 cases -> f5_modular_decisions.json
[cluster:gold:veto] {'conll_f': 0.7503, 'b3': [0.9212, 0.9412, 0.9242], 'muc': [0.6625, 0.7333, 0.4433], 'ceaf_e': [0.8834, 0.8834, 0.8834], 'n_cases': 20}
[cluster:gold:cc] {'conll_f': 0.7503, 'b3': [0.9212, 0.9412, 0.9242], 'muc': [0.6625, 0.7333, 0.4433], 'ceaf_e': [0.8834, 0.8834, 0.8834], 'n_cases': 20}
[cluster:gold:cc_or_related] {'conll_f': 0.8294, 'b3': [0.3564, 1.0, 0.5112], 'muc': [-0.9867, 1.0, 1.55], 'ceaf_e': [0.427, 0.427, 0.427], 'n_cases': 20}
[cluster:alayer:veto] {'n_clusters': 68, 'false_merge': 17, 'coverage': 69, 'false_split': 0, 'purity': 0.8619}
[cluster:alayer:cc] {'n_clusters': 68, 'false_merge': 17, 'coverage': 69, 'false_split': 0, 'purity': 0.8619}
saved -> /workspace/guardian/ie_wt/experiments/searh_23/event_normalization_f5/outputs/identity/f5_identity_summary.json
