e_observatory CANON_F CL 3
e_observatory CANON_F CORR 3
e_observatory EVENTNESS_CANON_F CL 2
e_observatory EVENTNESS_CANON_F CORR 2
e_seedbank CANON_F CL 5
e_seedbank CANON_F CORR 5
e_seedbank EVENTNESS_CANON_F CL 2
e_seedbank EVENTNESS_CANON_F CORR 2
e_aquarium CANON_F CL 3
e_aquarium CANON_F CORR 3
e_aquarium EVENTNESS_CANON_F CL 2
e_aquarium EVENTNESS_CANON_F CORR 2
e_ceramics CANON_F CL 3
e_ceramics CANON_F CORR 3
e_ceramics EVENTNESS_CANON_F CL 1
e_ceramics EVENTNESS_CANON_F CORR 1
e_drone CANON_F CL 7
e_drone CANON_F CORR 7
e_drone EVENTNESS_CANON_F CL 4
e_drone EVENTNESS_CANON_F CORR 4
e_theater CANON_F CL 3
e_theater CANON_F CORR 3
e_theater EVENTNESS_CANON_F CL 2
e_theater EVENTNESS_CANON_F CORR 2
e_orchard CANON_F CL 4
e_orchard CANON_F CORR 4
e_orchard EVENTNESS_CANON_F CL 2
e_orchard EVENTNESS_CANON_F CORR 2
e_fleet CANON_F CL 3
e_fleet CANON_F CORR 3
e_fleet EVENTNESS_CANON_F CL 2
e_fleet EVENTNESS_CANON_F CORR 2
e_archive CANON_F CL 2
e_archive CANON_F CORR 2
e_archive EVENTNESS_CANON_F CL 2
e_archive EVENTNESS_CANON_F CORR 2
e_coldchain CANON_F CL 5
e_coldchain CANON_F CORR 5
e_coldchain EVENTNESS_CANON_F CL 3
e_coldchain EVENTNESS_CANON_F CORR 3
Warning: You are sending unauthenticated requests to the HF Hub. Please set a HF_TOKEN to enable higher rate limits and faster downloads.
The Transformer `cache_dir` argument is deprecated. Please pass `cache_dir` via `model_kwargs`, `processor_kwargs`, and/or `config_kwargs` instead.
Loading weights:   0%|          | 0/201 [00:00<?, ?it/s]Loading weights: 100%|██████████| 201/201 [00:00<00:00, 3368.07it/s]
[e_seedbank] 5 nodes -> 2 edges
[e_coldchain] 5 nodes -> 1 edges
downstream done (canon): 29 calls
The Transformer `cache_dir` argument is deprecated. Please pass `cache_dir` via `model_kwargs`, `processor_kwargs`, and/or `config_kwargs` instead.
Warning: You are sending unauthenticated requests to the HF Hub. Please set a HF_TOKEN to enable higher rate limits and faster downloads.
Loading weights:   0%|          | 0/201 [00:00<?, ?it/s]Loading weights: 100%|██████████| 201/201 [00:00<00:00, 3433.84it/s]
[e_seedbank] 5 nodes -> 2 edges
[e_coldchain] 5 nodes -> 1 edges
downstream done (canon): 29 calls
Warning: You are sending unauthenticated requests to the HF Hub. Please set a HF_TOKEN to enable higher rate limits and faster downloads.
The Transformer `cache_dir` argument is deprecated. Please pass `cache_dir` via `model_kwargs`, `processor_kwargs`, and/or `config_kwargs` instead.
Loading weights:   0%|          | 0/201 [00:00<?, ?it/s]Loading weights: 100%|██████████| 201/201 [00:00<00:00, 3707.46it/s]
downstream done (canon): 0 calls
Warning: You are sending unauthenticated requests to the HF Hub. Please set a HF_TOKEN to enable higher rate limits and faster downloads.
The Transformer `cache_dir` argument is deprecated. Please pass `cache_dir` via `model_kwargs`, `processor_kwargs`, and/or `config_kwargs` instead.
Loading weights:   0%|          | 0/201 [00:00<?, ?it/s]Loading weights: 100%|██████████| 201/201 [00:00<00:00, 3627.03it/s]
downstream done (canon): 0 calls
TRACKB_CANON_F_CL                CoNLL=0.705 B3=0.829 mP=0.434 mR=0.817 FM= 17 MM=  5 nodes=38/27 junk=18 impure=13
TRACKB_CANON_F_CORR              CoNLL=0.705 B3=0.829 mP=0.434 mR=0.817 FM= 17 MM=  5 nodes=38/27 junk=18 impure=13
TRACKB_EVENTNESS_CANON_F_CL      CoNLL=0.826 B3=0.904 mP=0.767 mR=0.833 FM=  5 MM=  3 nodes=22/27 junk=3 impure=3
TRACKB_EVENTNESS_CANON_F_CORR    CoNLL=0.826 B3=0.904 mP=0.767 mR=0.833 FM=  5 MM=  3 nodes=22/27 junk=3 impure=3

===== DOWNSTREAM_canon_TRACKB_CANON_F_CL_ms_C =====
ALL    P=0.500 R=0.727 correct=8 extra=8 direrr=0 missing=3 typed=1.00 exact=4/10

===== DOWNSTREAM_canon_TRACKB_CANON_F_CORR_ms_C =====
ALL    P=0.500 R=0.727 correct=8 extra=8 direrr=0 missing=3 typed=1.00 exact=4/10

===== DOWNSTREAM_canon_TRACKB_EVENTNESS_CANON_F_CL_ms_C =====
ALL    P=0.875 R=0.636 correct=7 extra=1 direrr=0 missing=4 typed=1.00 exact=5/10

===== DOWNSTREAM_canon_TRACKB_EVENTNESS_CANON_F_CORR_ms_C =====
ALL    P=0.875 R=0.636 correct=7 extra=1 direrr=0 missing=4 typed=1.00 exact=5/10
CLUSTERING_COMPLETE
