valid46 1 R_fix live rows 46 {'frozen0': 47, 'frozen1': 8} {'cached': 0, 'executed': 0, 'failed': 0, 'refused_budget': 0, 'refused_offline': 0}
lb_long 1 R_fix live rows 57 {'frozen0': 76, 'frozen1': 31} {'cached': 0, 'executed': 0, 'failed': 0, 'refused_budget': 0, 'refused_offline': 0}
lb2_long 1 R_fix live rows 47 {'frozen0': 59, 'frozen1': 27, 'live_sent': 2} {'cached': 0, 'executed': 2, 'failed': 0, 'refused_budget': 0, 'refused_offline': 0}
lb3_long 1 R_fix live rows 56 {'frozen0': 60, 'frozen1': 17, 'live_sent': 1} {'cached': 0, 'executed': 1, 'failed': 0, 'refused_budget': 0, 'refused_offline': 0}
lb3_long 2 R_fix live rows 56 {'frozen0': 60, 'frozen1': 21, 'live_sent': 1} {'cached': 0, 'executed': 1, 'failed': 0, 'refused_budget': 0, 'refused_offline': 0}
ext_tau2 1 R_fix live rows 70 {'frozen1': 108} {'cached': 0, 'executed': 0, 'failed': 0, 'refused_budget': 0, 'refused_offline': 0}
ext_tau2 2 R_fix live rows 70 {'frozen1': 112} {'cached': 0, 'executed': 0, 'failed': 0, 'refused_budget': 0, 'refused_offline': 0}
ext_tau2 3 R_fix live rows 70 {'frozen1': 119} {'cached': 0, 'executed': 0, 'failed': 0, 'refused_budget': 0, 'refused_offline': 0}
valid46 1 R_df live rows 46 {'frozen0': 47, 'frozen1': 8} {'cached': 0, 'executed': 0, 'failed': 0, 'refused_budget': 0, 'refused_offline': 0}
lb_long 1 R_df live rows 57 {'frozen0': 76, 'frozen1': 31} {'cached': 0, 'executed': 0, 'failed': 0, 'refused_budget': 0, 'refused_offline': 0}
lb2_long 1 R_df live rows 47 {'frozen0': 59, 'frozen1': 27} {'cached': 0, 'executed': 0, 'failed': 0, 'refused_budget': 0, 'refused_offline': 0}
lb3_long 1 R_df live rows 56 {'frozen0': 60, 'frozen1': 17, 'live_cached': 1} {'cached': 1, 'executed': 0, 'failed': 0, 'refused_budget': 0, 'refused_offline': 0}
lb3_long 2 R_df live rows 56 {'frozen0': 60, 'frozen1': 22, 'live_cached': 1} {'cached': 1, 'executed': 0, 'failed': 0, 'refused_budget': 0, 'refused_offline': 0}
ext_tau2 1 R_df live rows 70 {'frozen1': 108} {'cached': 0, 'executed': 0, 'failed': 0, 'refused_budget': 0, 'refused_offline': 0}
ext_tau2 2 R_df live rows 70 {'frozen1': 112} {'cached': 0, 'executed': 0, 'failed': 0, 'refused_budget': 0, 'refused_offline': 0}
ext_tau2 3 R_df live rows 70 {'frozen1': 119} {'cached': 0, 'executed': 0, 'failed': 0, 'refused_budget': 0, 'refused_offline': 0}
valid46 1 R_pool live rows 46 {'frozen0': 47, 'frozen1': 8} {'cached': 0, 'executed': 0, 'failed': 0, 'refused_budget': 0, 'refused_offline': 0}
lb_long 1 R_pool live rows 57 {'frozen0': 76, 'frozen1': 31, 'live_sent': 3} {'cached': 0, 'executed': 3, 'failed': 0, 'refused_budget': 0, 'refused_offline': 0}
lb2_long 1 R_pool live rows 47 {'frozen0': 59, 'frozen1': 27, 'live_sent': 3} {'cached': 0, 'executed': 3, 'failed': 0, 'refused_budget': 0, 'refused_offline': 0}
lb3_long 1 R_pool live rows 56 {'frozen0': 60, 'frozen1': 17, 'live_sent': 3} {'cached': 0, 'executed': 3, 'failed': 0, 'refused_budget': 0, 'refused_offline': 0}
lb3_long 2 R_pool live rows 56 {'frozen0': 60, 'frozen1': 22, 'live_sent': 3} {'cached': 0, 'executed': 3, 'failed': 0, 'refused_budget': 0, 'refused_offline': 0}
ext_tau2 1 R_pool live rows 70 {'frozen1': 108, 'live_sent': 3} {'cached': 0, 'executed': 3, 'failed': 0, 'refused_budget': 0, 'refused_offline': 0}
ext_tau2 2 R_pool live rows 70 {'frozen1': 72, 'live_sent': 7, 'frozen0': 40} {'cached': 0, 'executed': 7, 'failed': 0, 'refused_budget': 0, 'refused_offline': 0}
ext_tau2 3 R_pool live rows 70 {'frozen0': 118, 'live_sent': 8} {'cached': 0, 'executed': 8, 'failed': 0, 'refused_budget': 0, 'refused_offline': 0}
valid46 1 R_wit live rows 46 {'frozen0': 55} {'cached': 0, 'executed': 0, 'failed': 0, 'refused_budget': 0, 'refused_offline': 0}
lb_long 1 R_wit live rows 57 {'frozen0': 102, 'live_sent': 5} {'cached': 0, 'executed': 5, 'failed': 0, 'refused_budget': 0, 'refused_offline': 0}
lb2_long 1 R_wit live rows 47 {'frozen0': 82, 'live_sent': 4} {'cached': 0, 'executed': 4, 'failed': 0, 'refused_budget': 0, 'refused_offline': 0}
lb3_long 1 R_wit live rows 56 {'frozen0': 74, 'live_sent': 3} {'cached': 0, 'executed': 3, 'failed': 0, 'refused_budget': 0, 'refused_offline': 0}
lb3_long 2 R_wit live rows 56 {'frozen0': 77, 'live_sent': 5} {'cached': 0, 'executed': 5, 'failed': 0, 'refused_budget': 0, 'refused_offline': 0}
ext_tau2 1 R_wit live rows 70 {'frozen0': 103, 'live_sent': 5} {'cached': 0, 'executed': 5, 'failed': 0, 'refused_budget': 0, 'refused_offline': 0}
ext_tau2 2 R_wit live rows 70 {'frozen0': 106, 'live_sent': 6} {'cached': 0, 'executed': 6, 'failed': 0, 'refused_budget': 0, 'refused_offline': 0}
ext_tau2 3 R_wit live rows 70 {'frozen0': 109, 'live_sent': 10} {'cached': 0, 'executed': 10, 'failed': 0, 'refused_budget': 0, 'refused_offline': 0}
valid46 1 R_comb live rows 46 {'frozen0': 55} {'cached': 0, 'executed': 0, 'failed': 0, 'refused_budget': 0, 'refused_offline': 0}
lb_long 1 R_comb live rows 57 {'frozen0': 102, 'live_cached': 5, 'live_sent': 3} {'cached': 5, 'executed': 3, 'failed': 0, 'refused_budget': 0, 'refused_offline': 0}
lb2_long 1 R_comb live rows 47 {'frozen0': 82, 'live_cached': 5, 'live_sent': 4} {'cached': 5, 'executed': 4, 'failed': 0, 'refused_budget': 0, 'refused_offline': 0}
lb3_long 1 R_comb live rows 56 {'frozen0': 74, 'live_cached': 4, 'live_sent': 4} {'cached': 4, 'executed': 4, 'failed': 0, 'refused_budget': 0, 'refused_offline': 0}
lb3_long 2 R_comb live rows 56 {'frozen0': 77, 'live_cached': 5, 'live_sent': 4} {'cached': 5, 'executed': 4, 'failed': 0, 'refused_budget': 0, 'refused_offline': 0}
ext_tau2 1 R_comb live rows 70 {'frozen0': 103, 'live_cached': 5, 'live_sent': 3} {'cached': 5, 'executed': 3, 'failed': 0, 'refused_budget': 0, 'refused_offline': 0}
ext_tau2 2 R_comb live rows 70 {'frozen0': 106, 'live_cached': 7, 'live_sent': 6} {'cached': 7, 'executed': 6, 'failed': 0, 'refused_budget': 0, 'refused_offline': 0}
ext_tau2 3 R_comb live rows 70 {'frozen0': 108, 'live_cached': 13, 'live_sent': 5} {'cached': 13, 'executed': 5, 'failed': 0, 'refused_budget': 0, 'refused_offline': 0}
