valid46 1 R_fix live rows 46 {'frozen0': 55} {'cached': 0, 'executed': 0, 'failed': 0, 'refused_budget': 0, 'refused_offline': 0}
valid46 2 R_fix live rows 46 {'frozen0': 46, 'live_cached': 14} {'cached': 14, 'executed': 0, 'failed': 0, 'refused_budget': 0, 'refused_offline': 0}
valid46 3 R_fix live rows 46 {'frozen0': 46, 'live_cached': 17} {'cached': 17, 'executed': 0, 'failed': 0, 'refused_budget': 0, 'refused_offline': 0}
lb_long 1 R_fix live rows 57 {'frozen0': 107} {'cached': 0, 'executed': 0, 'failed': 0, 'refused_budget': 0, 'refused_offline': 0}
lb2_long 1 R_fix live rows 47 {'frozen0': 86, 'live_cached': 2} {'cached': 2, 'executed': 0, 'failed': 0, 'refused_budget': 0, 'refused_offline': 0}
lb3_long 1 R_fix live rows 56 {'frozen0': 77, 'live_cached': 1} {'cached': 1, 'executed': 0, 'failed': 0, 'refused_budget': 0, 'refused_offline': 0}
lb3_long 2 R_fix live rows 56 {'frozen0': 82} {'cached': 0, 'executed': 0, 'failed': 0, 'refused_budget': 0, 'refused_offline': 0}
ext_tau2 1 R_fix live rows 70 {'frozen0': 108} {'cached': 0, 'executed': 0, 'failed': 0, 'refused_budget': 0, 'refused_offline': 0}
ext_tau2 2 R_fix live rows 70 {'frozen0': 112} {'cached': 0, 'executed': 0, 'failed': 0, 'refused_budget': 0, 'refused_offline': 0}
ext_tau2 3 R_fix live rows 70 {'frozen0': 119} {'cached': 0, 'executed': 0, 'failed': 0, 'refused_budget': 0, 'refused_offline': 0}
hold_tau2h 1 R_fix live rows 51 {'live_cached': 87} {'cached': 87, 'executed': 0, 'failed': 0, 'refused_budget': 0, 'refused_offline': 0}
hold_tau2h 2 R_fix live rows 51 {'live_cached': 84} {'cached': 84, 'executed': 0, 'failed': 0, 'refused_budget': 0, 'refused_offline': 0}
hold_tau2h 3 R_fix live rows 51 {'live_cached': 96} {'cached': 96, 'executed': 0, 'failed': 0, 'refused_budget': 0, 'refused_offline': 0}
valid46 1 R_comb live rows 46 {'frozen0': 55} {'cached': 0, 'executed': 0, 'failed': 0, 'refused_budget': 0, 'refused_offline': 0}
valid46 2 R_comb live rows 46 {'frozen0': 46, 'live_cached': 16} {'cached': 16, 'executed': 0, 'failed': 0, 'refused_budget': 0, 'refused_offline': 0}
valid46 3 R_comb live rows 46 {'frozen0': 46, 'live_cached': 19} {'cached': 19, 'executed': 0, 'failed': 0, 'refused_budget': 0, 'refused_offline': 0}
lb_long 1 R_comb live rows 57 {'frozen0': 102, 'live_cached': 8} {'cached': 8, 'executed': 0, 'failed': 0, 'refused_budget': 0, 'refused_offline': 0}
lb2_long 1 R_comb live rows 47 {'frozen0': 82, 'live_cached': 9} {'cached': 9, 'executed': 0, 'failed': 0, 'refused_budget': 0, 'refused_offline': 0}
lb3_long 1 R_comb live rows 56 {'frozen0': 74, 'live_cached': 7} {'cached': 7, 'executed': 0, 'failed': 0, 'refused_budget': 0, 'refused_offline': 0}
lb3_long 2 R_comb live rows 56 {'frozen0': 77, 'live_cached': 9} {'cached': 9, 'executed': 0, 'failed': 0, 'refused_budget': 0, 'refused_offline': 0}
ext_tau2 1 R_comb live rows 70 {'frozen0': 103, 'live_cached': 8} {'cached': 8, 'executed': 0, 'failed': 0, 'refused_budget': 0, 'refused_offline': 0}
ext_tau2 2 R_comb live rows 70 {'frozen0': 106, 'live_cached': 13} {'cached': 13, 'executed': 0, 'failed': 0, 'refused_budget': 0, 'refused_offline': 0}
ext_tau2 3 R_comb live rows 70 {'frozen0': 108, 'live_cached': 18} {'cached': 18, 'executed': 0, 'failed': 0, 'refused_budget': 0, 'refused_offline': 0}
hold_tau2h 1 R_comb live rows 51 {'live_cached': 92} {'cached': 92, 'executed': 0, 'failed': 0, 'refused_budget': 0, 'refused_offline': 0}
hold_tau2h 2 R_comb live rows 51 {'live_cached': 85} {'cached': 85, 'executed': 0, 'failed': 0, 'refused_budget': 0, 'refused_offline': 0}
hold_tau2h 3 R_comb live rows 51 {'live_cached': 102} {'cached': 102, 'executed': 0, 'failed': 0, 'refused_budget': 0, 'refused_offline': 0}
QUEUE5_DONE
