valid46 1 R_fix live rows 46 {'frozen0': 55} {'cached': 0, 'executed': 0, 'failed': 0, 'refused_budget': 0, 'refused_offline': 0}
lb_long 1 R_fix live rows 57 {'frozen0': 107} {'cached': 0, 'executed': 0, 'failed': 0, 'refused_budget': 0, 'refused_offline': 0}
lb2_long 1 R_fix live rows 47 {'frozen0': 86, 'live_cached': 2} {'cached': 2, 'executed': 0, 'failed': 0, 'refused_budget': 0, 'refused_offline': 0}
lb3_long 1 R_fix live rows 56 {'frozen0': 77, 'live_cached': 1} {'cached': 1, 'executed': 0, 'failed': 0, 'refused_budget': 0, 'refused_offline': 0}
lb3_long 2 R_fix live rows 56 {'frozen0': 81} {'cached': 0, 'executed': 0, 'failed': 0, 'refused_budget': 0, 'refused_offline': 0}
ext_tau2 1 R_fix live rows 70 {'frozen0': 108} {'cached': 0, 'executed': 0, 'failed': 0, 'refused_budget': 0, 'refused_offline': 0}
ext_tau2 2 R_fix live rows 70 {'frozen0': 112} {'cached': 0, 'executed': 0, 'failed': 0, 'refused_budget': 0, 'refused_offline': 0}
ext_tau2 3 R_fix live rows 70 {'frozen0': 119} {'cached': 0, 'executed': 0, 'failed': 0, 'refused_budget': 0, 'refused_offline': 0}
valid46 1 R_df live rows 46 {'frozen0': 55} {'cached': 0, 'executed': 0, 'failed': 0, 'refused_budget': 0, 'refused_offline': 0}
lb_long 1 R_df live rows 57 {'frozen0': 107} {'cached': 0, 'executed': 0, 'failed': 0, 'refused_budget': 0, 'refused_offline': 0}
lb2_long 1 R_df live rows 47 {'frozen0': 86} {'cached': 0, 'executed': 0, 'failed': 0, 'refused_budget': 0, 'refused_offline': 0}
lb3_long 1 R_df live rows 56 {'frozen0': 77, 'live_cached': 1} {'cached': 1, 'executed': 0, 'failed': 0, 'refused_budget': 0, 'refused_offline': 0}
lb3_long 2 R_df live rows 56 {'frozen0': 82} {'cached': 0, 'executed': 0, 'failed': 0, 'refused_budget': 0, 'refused_offline': 0}
ext_tau2 1 R_df live rows 70 {'frozen0': 108} {'cached': 0, 'executed': 0, 'failed': 0, 'refused_budget': 0, 'refused_offline': 0}
ext_tau2 2 R_df live rows 70 {'frozen0': 112} {'cached': 0, 'executed': 0, 'failed': 0, 'refused_budget': 0, 'refused_offline': 0}
ext_tau2 3 R_df live rows 70 {'frozen0': 119} {'cached': 0, 'executed': 0, 'failed': 0, 'refused_budget': 0, 'refused_offline': 0}
valid46 1 R_comb live rows 46 {'frozen0': 55} {'cached': 0, 'executed': 0, 'failed': 0, 'refused_budget': 0, 'refused_offline': 0}
lb_long 1 R_comb live rows 57 {'frozen0': 102, 'live_cached': 8} {'cached': 8, 'executed': 0, 'failed': 0, 'refused_budget': 0, 'refused_offline': 0}
lb2_long 1 R_comb live rows 47 {'frozen0': 82, 'live_cached': 9} {'cached': 9, 'executed': 0, 'failed': 0, 'refused_budget': 0, 'refused_offline': 0}
lb3_long 1 R_comb live rows 56 {'frozen0': 74, 'live_cached': 7} {'cached': 7, 'executed': 0, 'failed': 0, 'refused_budget': 0, 'refused_offline': 0}
lb3_long 2 R_comb live rows 56 {'frozen0': 77, 'live_cached': 8} {'cached': 8, 'executed': 0, 'failed': 0, 'refused_budget': 0, 'refused_offline': 0}
ext_tau2 1 R_comb live rows 70 {'frozen0': 103, 'live_cached': 8} {'cached': 8, 'executed': 0, 'failed': 0, 'refused_budget': 0, 'refused_offline': 0}
ext_tau2 2 R_comb live rows 70 {'frozen0': 106, 'live_cached': 13} {'cached': 13, 'executed': 0, 'failed': 0, 'refused_budget': 0, 'refused_offline': 0}
ext_tau2 3 R_comb live rows 70 {'frozen0': 108, 'live_cached': 18} {'cached': 18, 'executed': 0, 'failed': 0, 'refused_budget': 0, 'refused_offline': 0}
QUEUE3_DONE
