=== rename C (name-sensitive) ===
{
 "arm": "C_full",
 "total": 35,
 "identical": 21,
 "changed": 14,
 "invariance": 0.6
}
=== rename E (name-blind) ===
{
 "arm": "E_nameblind",
 "total": 35,
 "identical": 35,
 "changed": 0,
 "invariance": 1.0
}
=== rename H (name-blind + witness) ===
{
 "arm": "H_hybrid",
 "total": 35,
 "identical": 35,
 "changed": 0,
 "invariance": 1.0
}
=== cf C ===
{
 "arm": "C_full",
 "total": 12,
 "flipped": 12,
 "not_flipped": 0,
 "flip_rate": 1.0
}
=== cf E ===
{
 "arm": "E_nameblind",
 "total": 12,
 "flipped": 12,
 "not_flipped": 0,
 "flip_rate": 1.0
}
=== cf H ===
{
 "arm": "H_hybrid",
 "total": 12,
 "flipped": 12,
 "not_flipped": 0,
 "flip_rate": 1.0
}
=== cf I ===
{
 "arm": "I_contract",
 "total": 12,
 "flipped": 11,
 "not_flipped": 1,
 "flip_rate": 0.9166666666666666
}
LLM_CHECKS_DONE
