[a4/pollinations] 94 positive suspicions to verify, 52 already done
[a4/pollinations] airline__10::t19#0 -> FAILED
[a4/pollinations] airline__21::t7#0 -> FAILED
[a4/pollinations] airline__24::t14#1 -> FAILED
[a4/pollinations] airline__8::t7#1 -> FAILED
[a4/pollinations] banking_knowledge__task_080::t30#1 -> FAILED
[a4/pollinations] banking_knowledge__task_081::t35#1 -> FAILED
[a4/pollinations] banking_knowledge__task_081::t35#3 -> FAILED
[a4/pollinations] retail__78::t1#0 -> REFUTED
[a4/pollinations] retail__78::t1#1 -> REFUTED
[a4/pollinations] retail__78::t1#2 -> REFUTED
[a4/pollinations] retail__78::t1#3 -> REFUTED
[a4/pollinations] retail__78::t1#4 -> REFUTED
[a4/pollinations] retail__87::t6#0 -> REFUTED
[a4/pollinations] retail__87::t6#1 -> CONFIRMED
[a4/pollinations] retail__87::t6#2 -> FAILED
[a4/pollinations] telecom__mms_issueairplane_mode_on-bad_network_preference-bad_wifi_calling-break_app_sms_p::t7#0 -> REFUTED
[a4/pollinations] telecom__mms_issueairplane_mode_on-bad_network_preference-bad_wifi_calling-break_app_sms_p::t7#1 -> CONFIRMED
[a4/pollinations] telecom__mms_issueairplane_mode_on-bad_network_preference-bad_wifi_calling-break_app_sms_p::t7#3 -> REFUTED
[a4/pollinations] telecom__mms_issueairplane_mode_on-bad_network_preference-bad_wifi_calling-data_usage_exce::t7#1 -> REFUTED
[a4/pollinations] telecom__mms_issueairplane_mode_on-bad_network_preference-bad_wifi_calling-data_usage_exce::t7#2 -> CONFIRMED
[a4/pollinations] telecom__mms_issueairplane_mode_on-bad_network_preference-break_apn_mms_setting-break_app_::t10#2 -> CONFIRMED
[a4/pollinations] telecom__mms_issueairplane_mode_on-bad_network_preference-break_app_both_permissions-data_::t12#0 -> REFUTED
[a4/pollinations] telecom__mms_issueairplane_mode_on-bad_network_preference-break_app_both_permissions-data_::t12#1 -> REFUTED
[a4/pollinations] telecom__mms_issueairplane_mode_on-bad_network_preference-break_app_both_permissions-data_::t12#2 -> REFUTED
[a4/pollinations] telecom__mms_issueairplane_mode_on-bad_wifi_calling-break_app_both_permissions-data_mode_o::t15#0 -> REFUTED
[a4/pollinations] telecom__mms_issueairplane_mode_on-bad_wifi_calling-break_app_both_permissions-data_mode_o::t15#1 -> REFUTED
[a4/pollinations] telecom__mms_issueairplane_mode_on-bad_wifi_calling-break_app_both_permissions-data_mode_o::t15#2 -> REFUTED
[a4/pollinations] telecom__mms_issueairplane_mode_on-break_app_both_permissionsPERSONA_Hard::t8#0 -> REFUTED
[a4/pollinations] telecom__mms_issueairplane_mode_on-break_app_both_permissionsPERSONA_Hard::t8#2 -> REFUTED
[a4/pollinations] telecom__mms_issuebad_network_preference-bad_wifi_calling-break_apn_mms_setting-break_app_::t7#0 -> CONFIRMED
[a4/pollinations] telecom__mms_issuebreak_apn_mms_setting-user_abroad_roaming_enabled_offPERSONA_Hard::t27#0 -> REFUTED
[a4/pollinations] telecom__mms_issuebreak_apn_mms_setting-user_abroad_roaming_enabled_offPERSONA_Hard::t27#3 -> CONFIRMED
[a4/pollinations] telecom__mobile_data_issueairplane_mode_on-bad_network_preference-bad_vpn-data_saver_mode_::t7#0 -> REFUTED
[a4/pollinations] telecom__mobile_data_issueairplane_mode_on-bad_network_preference-bad_vpn-data_saver_mode_::t7#1 -> REFUTED
[a4/pollinations] telecom__service_issueairplane_mode_on-break_apn_settings-lock_sim_card_pin-overdue_bill_s::t15#0 -> CONFIRMED
[a4/pollinations] telecom__service_issueairplane_mode_on-break_apn_settings-lock_sim_card_pin-overdue_bill_s::t15#1 -> CONFIRMED
[a4/pollinations] telecom__service_issueairplane_mode_on-break_apn_settings-lock_sim_card_pin-overdue_bill_s::t15#2 -> CONFIRMED
[a4/pollinations] telecom__service_issuebreak_apn_settings-contract_end_suspension-lock_sim_card_pin-unseat_::t13#0 -> CONFIRMED
[a4/pollinations] airline__7::t6#0 -> REFUTED
[a4/pollinations] airline__7::t6#1 -> FAILED
[a4/pollinations] airline__7::t6#2 -> CONFIRMED
[a4/pollinations] banking_knowledge__task_051::t15#0 -> REFUTED
{
  "mode": "a4",
  "provider": "pollinations",
  "n_positive_suspicions": 94,
  "verdict_distribution": {
    "REFUTED": 52,
    "CONFIRMED": 33
  },
  "metrics": {
    "TP": 14,
    "FP": 8,
    "FN": 9,
    "TN": 15,
    "precision": 0.6364,
    "recall": 0.6087,
    "F1": 0.6222
  },
  "comparison": {
    "A1R_unverified_E3a": {
      "TP": 20,
      "FP": 19,
      "FN": 3,
      "TN": 4,
      "F1": 0.6452
    },
    "A0_mistral": {
      "TP": 22,
      "FP": 16,
      "FN": 1,
      "TN": 7,
      "F1": 0.7213
    }
  }
}
