[e9/blockrun] 36 perturbed cases, 0 done
[e9] airline__10::t19::rename (rename) -> None
[e9] airline__10::t19::renumber (renumber) -> 1
[e9] airline__10::t19::both (both) -> 1
[e9] airline__10::t21::rename (rename) -> None
[e9] airline__10::t21::renumber (renumber) -> 1
[e9] airline__10::t21::both (both) -> None
[e9] airline__21::t7::rename (rename) -> None
[e9] airline__21::t7::renumber (renumber) -> 1
[e9] airline__21::t7::both (both) -> 0
[e9] banking_knowledge__task_003::t7::rename (rename) -> 1
[e9] banking_knowledge__task_003::t7::renumber (renumber) -> 1
[e9] banking_knowledge__task_003::t7::both (both) -> 1
[e9] banking_knowledge__task_005::t6::rename (rename) -> None
[e9] banking_knowledge__task_005::t6::renumber (renumber) -> 1
[e9] banking_knowledge__task_005::t6::both (both) -> 1
[e9] banking_knowledge__task_018::t6::rename (rename) -> 1
[e9] banking_knowledge__task_018::t6::renumber (renumber) -> 1
[e9] banking_knowledge__task_018::t6::both (both) -> 1
[e9] retail__106::t3::rename (rename) -> 1
[e9] retail__106::t3::renumber (renumber) -> 1
[e9] retail__106::t3::both (both) -> 1
[e9] retail__108::t1::rename (rename) -> 1
[e9] retail__108::t1::renumber (renumber) -> 1
[e9] retail__108::t1::both (both) -> 1
[e9] retail__12::t4::rename (rename) -> 1
[e9] retail__12::t4::renumber (renumber) -> 1
[e9] retail__12::t4::both (both) -> 1
[e9] telecom__mms_issueairplane_mode_on-bad_network_preference-bad_wifi_calling-break_app_sms_p::t7::rename (rename) -> 1
[e9] telecom__mms_issueairplane_mode_on-bad_network_preference-bad_wifi_calling-break_app_sms_p::t7::renumber (renumber) -> 1
[e9] telecom__mms_issueairplane_mode_on-bad_network_preference-bad_wifi_calling-break_app_sms_p::t7::both (both) -> 1
[e9] telecom__mms_issueairplane_mode_on-bad_network_preference-bad_wifi_calling-data_usage_exce::t7::rename (rename) -> 1
[e9] telecom__mms_issueairplane_mode_on-bad_network_preference-bad_wifi_calling-data_usage_exce::t7::renumber (renumber) -> 1
[e9] telecom__mms_issueairplane_mode_on-bad_network_preference-bad_wifi_calling-data_usage_exce::t7::both (both) -> 1
[e9] telecom__mms_issueairplane_mode_on-bad_network_preference-break_apn_mms_setting-break_app_::t10::rename (rename) -> 1
[e9] telecom__mms_issueairplane_mode_on-bad_network_preference-break_apn_mms_setting-break_app_::t10::renumber (renumber) -> 1
[e9] telecom__mms_issueairplane_mode_on-bad_network_preference-break_apn_mms_setting-break_app_::t10::both (both) -> 1
{
  "provider": "blockrun",
  "n_orig_scored": 0,
  "flip_rates": {
    "rename": {
      "n": 0,
      "flips": 0,
      "rate": null
    },
    "renumber": {
      "n": 0,
      "flips": 0,
      "rate": null
    },
    "both": {
      "n": 0,
      "flips": 0,
      "rate": null
    }
  }
}
