[pgjudge/blockrun] 46 cases, 0 done
[pgjudge/blockrun] airline__10::t19 -> 0
[pgjudge/blockrun] airline__10::t21 -> FAILED
[pgjudge/blockrun] airline__21::t7 -> 1
[pgjudge/blockrun] airline__23::t10 -> FAILED
[pgjudge/blockrun] airline__24::t14 -> 0
[pgjudge/blockrun] airline__3::t4 -> 1
[pgjudge/blockrun] airline__44::t22 -> FAILED
[pgjudge/blockrun] airline__47::t1 -> 1
[pgjudge/blockrun] airline__5::t1 -> FAILED
[pgjudge/blockrun] airline__7::t6 -> 1
[pgjudge/blockrun] airline__8::t7 -> 0
[pgjudge/blockrun] airline__9::t6 -> 1
[pgjudge/blockrun] banking_knowledge__task_003::t7 -> 1
[pgjudge/blockrun] banking_knowledge__task_005::t6 -> 0
[pgjudge/blockrun] banking_knowledge__task_018::t6 -> 0
[pgjudge/blockrun] banking_knowledge__task_033::t2 -> FAILED
[pgjudge/blockrun] banking_knowledge__task_051::t15 -> FAILED
[pgjudge/blockrun] banking_knowledge__task_057::t2 -> 0
[pgjudge/blockrun] banking_knowledge__task_063::t8 -> FAILED
[pgjudge/blockrun] banking_knowledge__task_068::t11 -> 0
[pgjudge/blockrun] banking_knowledge__task_080::t30 -> 0
[pgjudge/blockrun] banking_knowledge__task_081::t35 -> 0
[pgjudge/blockrun] banking_knowledge__task_083::t10 -> 1
[pgjudge/blockrun] retail__106::t3 -> 1
[pgjudge/blockrun] retail__108::t1 -> 1
[pgjudge/blockrun] retail__12::t4 -> 0
[pgjudge/blockrun] retail__14::t1 -> 0
[pgjudge/blockrun] retail__27::t10 -> 1
[pgjudge/blockrun] retail__29::t13 -> 1
[pgjudge/blockrun] retail__36::t10 -> 1
[pgjudge/blockrun] retail__47::t12 -> 0
[pgjudge/blockrun] retail__48::t4 -> 1
[pgjudge/blockrun] retail__78::t1 -> 1
[pgjudge/blockrun] retail__87::t6 -> 1
[pgjudge/blockrun] telecom__mms_issueairplane_mode_on-bad_network_preference-bad_wifi_calling-break_app_sms_p::t7 -> 0
[pgjudge/blockrun] telecom__mms_issueairplane_mode_on-bad_network_preference-bad_wifi_calling-data_usage_exce::t7 -> 1
[pgjudge/blockrun] telecom__mms_issueairplane_mode_on-bad_network_preference-break_apn_mms_setting-break_app_::t10 -> 1
[pgjudge/blockrun] telecom__mms_issueairplane_mode_on-bad_network_preference-break_app_both_permissions-data_::t12 -> 1
[pgjudge/blockrun] telecom__mms_issueairplane_mode_on-bad_wifi_calling-break_app_both_permissions-data_mode_o::t15 -> 0
[pgjudge/blockrun] telecom__mms_issueairplane_mode_on-break_app_both_permissionsPERSONA_Hard::t8 -> 0
[pgjudge/blockrun] telecom__mms_issuebad_network_preference-bad_wifi_calling-break_apn_mms_setting-break_app_::t7 -> 0
[pgjudge/blockrun] telecom__mms_issuebreak_apn_mms_setting-user_abroad_roaming_enabled_offPERSONA_Hard::t27 -> 0
[pgjudge/blockrun] telecom__mobile_data_issueairplane_mode_on-bad_network_preference-bad_vpn-data_saver_mode_::t7 -> 0
[pgjudge/blockrun] telecom__mobile_data_issuebad_network_preference-bad_vpn-data_mode_off-data_saver_mode_onP::t6 -> 1
[pgjudge/blockrun] telecom__service_issueairplane_mode_on-break_apn_settings-lock_sim_card_pin-overdue_bill_s::t15 -> 0
[pgjudge/blockrun] telecom__service_issuebreak_apn_settings-contract_end_suspension-lock_sim_card_pin-unseat_::t13 -> 0
{
  "experiment": "P/pgjudge obligation-centered policy cards judge",
  "provider": "blockrun",
  "extract_provider": "blockrun",
  "n_scored": 39,
  "metrics": {
    "TP": 13,
    "FP": 6,
    "FN": 7,
    "TN": 13,
    "precision": 0.6842,
    "recall": 0.65,
    "F1": 0.6667
  },
  "baselines": {
    "base_judge_pollinations_E2": {
      "TP": 17,
      "FP": 6,
      "FN": 5,
      "TN": 11,
      "F1": 0.7556,
      "n": 39
    }
  }
}
