[blockrun] 488 cases, 219 done
[blockrun] agenthallu/v1/BFCL/068 -> FAILED label=None
[blockrun] agenthallu/v1/BFCL/109 -> FAILED label=None
[blockrun] agenthallu/v1/Camel/004 -> FAILED label=None
[blockrun] agenthallu/v1/Camel/005 -> FAILED label=None
[blockrun] agenthallu/v1/Camel/010 -> FAILED label=None
[blockrun] agenthallu/v1/Camel/012 -> FAILED label=None
[blockrun] agenthallu/v1/Camel/013 -> FAILED label=None
[blockrun] agenthallu/v1/Camel/014 -> FAILED label=None
[blockrun] agenthallu/v1/Camel/016 -> FAILED label=None
[blockrun] agenthallu/v1/Camel/017 -> FAILED label=None
[blockrun] agenthallu/v1/Camel/029 -> FAILED label=None
[blockrun] agenthallu/v1/Camel/034 -> FAILED label=None
[blockrun] agenthallu/v1/Camel/036 -> FAILED label=None
[blockrun] agenthallu/v1/Camel/049 -> FAILED label=None
[blockrun] agenthallu/v1/Camel/051 -> FAILED label=None
[blockrun] agenthallu/v1/Camel/058 -> FAILED label=None
[blockrun] agenthallu/v1/Camel/069 -> FAILED label=None
[blockrun] agenthallu/v1/Camel/076 -> FAILED label=None
[blockrun] agenthallu/v1/Magentic_One/054 -> FAILED label=None
[blockrun] agenthallu/v1/Magentic_One/064 -> FAILED label=None
[blockrun] agenthallu/v1/Magentic_One/085 -> FAILED label=None
[blockrun] agenthallu/v1/Octotools/002 -> FAILED label=None
[blockrun] agenthallu/v1/Octotools/010 -> OK label=0
[blockrun] agenthallu/v1/Octotools/012 -> FAILED label=None
[blockrun] agenthallu/v1/Octotools/024 -> FAILED label=None
[blockrun] agenthallu/v1/Octotools/034 -> FAILED label=None
[blockrun] agenthallu/v1/Octotools/037 -> FAILED label=None
[blockrun] agenthallu/v1/Octotools/040 -> FAILED label=None
[blockrun] agenthallu/v1/Octotools/041 -> FAILED label=None
[blockrun] agenthallu/v1/OpenDeepSearch/002 -> FAILED label=None
[blockrun] agenthallu/v1/OpenDeepSearch/003 -> OK label=0
[blockrun] agenthallu/v1/OpenDeepSearch/004 -> FAILED label=None
[blockrun] agenthallu/v1/OpenDeepSearch/007 -> FAILED label=None
[blockrun] agenthallu/v1/OpenDeepSearch/009 -> FAILED label=None
[blockrun] agenthallu/v1/OpenDeepSearch/011 -> FAILED label=None
[blockrun] agenthallu/v1/OpenDeepSearch/023 -> FAILED label=None
[blockrun] agenthallu/v1/OpenDeepSearch/034 -> FAILED label=None
[blockrun] agenthallu/v1/OpenDeepSearch/036 -> OK label=0
[blockrun] agenthallu/v1/OpenDeepSearch/043 -> FAILED label=None
[blockrun] agenthallu/v1/OpenDeepSearch/050 -> FAILED label=None
[blockrun] agenthallu/v1/OpenDeepSearch/052 -> FAILED label=None
[blockrun] agenthallu/v1/OpenDeepSearch/062 -> FAILED label=None
[blockrun] agenthallu/v1/OpenDeepSearch/066 -> FAILED label=None
[blockrun] agenthallu/v1/OpenDeepSearch/070 -> OK label=1
[blockrun] agenthallu/v1/OpenDeepSearch/082 -> FAILED label=None
[blockrun] agenthallu/v1/OpenDeepSearch/083 -> FAILED label=None
[blockrun] agenthallu/v1/OpenDeepSearch/089 -> FAILED label=None
[blockrun] agenthallu/v1/OpenDeepSearch/093 -> FAILED label=None
[blockrun] agenthallu/v1/OpenDeepSearch/095 -> FAILED label=None
[blockrun] agenthallu/v1/OpenDeepSearch/097 -> FAILED label=None
[blockrun] agenthallu/v1/OpenDeepSearch/099 -> FAILED label=None
[blockrun] agenthallu/v1/OpenManus/004 -> FAILED label=None
[blockrun] agenthallu/v1/OpenManus/006 -> OK label=0
[blockrun] agenthallu/v1/OpenManus/018 -> FAILED label=None
[blockrun] agenthallu/v1/OpenManus/039 -> OK label=0
[blockrun] agenthallu/v1/OpenManus/069 -> FAILED label=None
[blockrun] agenthallu/v1/OpenManus/071 -> OK label=1
[blockrun] agenthallu/v1/OpenManus/084 -> FAILED label=None
[blockrun] agenthallu/v1/OpenManus/086 -> FAILED label=None
[blockrun] agenthallu/v1/OpenManus/093 -> FAILED label=None
[blockrun] agenthallu/v1/SmolAgents/001 -> FAILED label=None
[blockrun] agenthallu/v1/SmolAgents/004 -> FAILED label=None
[blockrun] agenthallu/v1/SmolAgents/005 -> FAILED label=None
[blockrun] agenthallu/v1/SmolAgents/012 -> FAILED label=None
[blockrun] agenthallu/v1/SmolAgents/032 -> FAILED label=None
[blockrun] agenthallu/v1/SmolAgents/046 -> OK label=1
[blockrun] agenthallu/v1/SmolAgents/075 -> OK label=0
[blockrun] agenthallu/v1/SmolAgents/085 -> FAILED label=None
[blockrun] agenthallu/v1/SmolAgents/086 -> FAILED label=None
[blockrun] agenthallu/v1/SmolAgents/088 -> FAILED label=None
[blockrun] agenthallu/v1/SmolAgents/089 -> FAILED label=None
[blockrun] agenthallu/v1/SmolAgents/090 -> FAILED label=None
{
  "provider": "blockrun",
  "benchmark": "agenthallu_v1 DEV",
  "n_gold": 488,
  "n_scored": 425,
  "n_failed_records": 63,
  "metrics": {
    "TP": 159,
    "FP": 65,
    "FN": 125,
    "TN": 76,
    "precision": 0.7098,
    "recall": 0.5599,
    "F1": 0.626
  },
  "wall_seconds": 3910,
  "records_sha256": "68754e2ced7c44a753c17ee609051ce517d0a862768f3576c65c1cb6f78b38ed"
}
