[a4g/blockrun] 94 suspicions, 0 done
[a4g/blockrun] airline__10::t19#0 -> REFUTED
[a4g/blockrun] airline__10::t19#1 -> REFUTED
[a4g/blockrun] airline__10::t19#4 -> REFUTED
[a4g/blockrun] airline__10::t21#0 -> REFUTED
[a4g/blockrun] airline__10::t21#1 -> REFUTED
[a4g/blockrun] airline__21::t7#0 -> CONFIRMED
[a4g/blockrun] airline__21::t7#1 -> CONFIRMED
[a4g/blockrun] airline__23::t10#0 -> CONFIRMED
[a4g/blockrun] airline__23::t10#1 -> CONFIRMED
[a4g/blockrun] airline__23::t10#2 -> CONFIRMED
[a4g/blockrun] airline__24::t14#0 -> CONFIRMED
[a4g/blockrun] airline__24::t14#1 -> CONFIRMED
[a4g/blockrun] airline__24::t14#2 -> CONFIRMED
[a4g/blockrun] airline__24::t14#3 -> CONFIRMED
[a4g/blockrun] airline__24::t14#4 -> CONFIRMED
[a4g/blockrun] airline__3::t4#0 -> CONFIRMED
[a4g/blockrun] airline__3::t4#1 -> REFUTED
[a4g/blockrun] airline__44::t22#0 -> CONFIRMED
[a4g/blockrun] airline__44::t22#1 -> CONFIRMED
[a4g/blockrun] airline__44::t22#2 -> CONFIRMED
[a4g/blockrun] airline__5::t1#0 -> REFUTED
[a4g/blockrun] airline__8::t7#0 -> REFUTED
[a4g/blockrun] airline__8::t7#1 -> REFUTED
[a4g/blockrun] airline__8::t7#2 -> REFUTED
[a4g/blockrun] airline__9::t6#0 -> CONFIRMED
[a4g/blockrun] airline__9::t6#1 -> CONFIRMED
[a4g/blockrun] banking_knowledge__task_003::t7#0 -> UNCERTAIN
[a4g/blockrun] banking_knowledge__task_005::t6#0 -> CONFIRMED
[a4g/blockrun] banking_knowledge__task_005::t6#1 -> CONFIRMED
[a4g/blockrun] banking_knowledge__task_018::t6#1 -> CONFIRMED
[a4g/blockrun] banking_knowledge__task_018::t6#2 -> CONFIRMED
[a4g/blockrun] banking_knowledge__task_057::t2#0 -> UNCERTAIN
[a4g/blockrun] banking_knowledge__task_057::t2#1 -> UNCERTAIN
[a4g/blockrun] banking_knowledge__task_057::t2#3 -> UNCERTAIN
[a4g/blockrun] banking_knowledge__task_063::t8#0 -> UNCERTAIN
[a4g/blockrun] banking_knowledge__task_063::t8#1 -> REFUTED
[a4g/blockrun] banking_knowledge__task_068::t11#0 -> FAILED
[a4g/blockrun] banking_knowledge__task_068::t11#1 -> FAILED
[a4g/blockrun] banking_knowledge__task_068::t11#2 -> FAILED
[a4g/blockrun] banking_knowledge__task_080::t30#0 -> FAILED
[a4g/blockrun] banking_knowledge__task_080::t30#1 -> FAILED
[a4g/blockrun] banking_knowledge__task_081::t35#0 -> FAILED
[a4g/blockrun] banking_knowledge__task_081::t35#1 -> FAILED
[a4g/blockrun] banking_knowledge__task_081::t35#2 -> FAILED
[a4g/blockrun] banking_knowledge__task_081::t35#3 -> FAILED
[a4g/blockrun] banking_knowledge__task_081::t35#4 -> FAILED
[a4g/blockrun] retail__106::t3#0 -> CONFIRMED
[a4g/blockrun] retail__12::t4#0 -> CONFIRMED
[a4g/blockrun] retail__12::t4#1 -> CONFIRMED
[a4g/blockrun] retail__12::t4#2 -> CONFIRMED
[a4g/blockrun] retail__27::t10#0 -> CONFIRMED
[a4g/blockrun] retail__27::t10#1 -> CONFIRMED
[a4g/blockrun] retail__29::t13#0 -> CONFIRMED
[a4g/blockrun] retail__29::t13#1 -> CONFIRMED
[a4g/blockrun] retail__29::t13#2 -> CONFIRMED
[a4g/blockrun] retail__36::t10#0 -> CONFIRMED
[a4g/blockrun] retail__47::t12#0 -> CONFIRMED
[a4g/blockrun] retail__47::t12#1 -> CONFIRMED
[a4g/blockrun] retail__47::t12#2 -> CONFIRMED
[a4g/blockrun] retail__78::t1#0 -> REFUTED
[a4g/blockrun] retail__78::t1#1 -> REFUTED
[a4g/blockrun] retail__78::t1#2 -> REFUTED
[a4g/blockrun] retail__78::t1#3 -> REFUTED
[a4g/blockrun] retail__78::t1#4 -> REFUTED
[a4g/blockrun] retail__87::t6#0 -> CONFIRMED
[a4g/blockrun] retail__87::t6#1 -> FAILED
[a4g/blockrun] retail__87::t6#2 -> FAILED
[a4g/blockrun] telecom__mms_issueairplane_mode_on-bad_network_preference-bad_wifi_calling-break_app_sms_p::t7#0 -> FAILED
[a4g/blockrun] telecom__mms_issueairplane_mode_on-bad_network_preference-bad_wifi_calling-break_app_sms_p::t7#1 -> REFUTED
[a4g/blockrun] telecom__mms_issueairplane_mode_on-bad_network_preference-bad_wifi_calling-break_app_sms_p::t7#3 -> FAILED
[a4g/blockrun] telecom__mms_issueairplane_mode_on-bad_network_preference-bad_wifi_calling-data_usage_exce::t7#1 -> UNCERTAIN
[a4g/blockrun] telecom__mms_issueairplane_mode_on-bad_network_preference-bad_wifi_calling-data_usage_exce::t7#2 -> CONFIRMED
[a4g/blockrun] telecom__mms_issueairplane_mode_on-bad_network_preference-break_apn_mms_setting-break_app_::t10#2 -> REFUTED
[a4g/blockrun] telecom__mms_issueairplane_mode_on-bad_network_preference-break_app_both_permissions-data_::t12#0 -> CONFIRMED
[a4g/blockrun] telecom__mms_issueairplane_mode_on-bad_network_preference-break_app_both_permissions-data_::t12#1 -> CONFIRMED
[a4g/blockrun] telecom__mms_issueairplane_mode_on-bad_network_preference-break_app_both_permissions-data_::t12#2 -> CONFIRMED
[a4g/blockrun] telecom__mms_issueairplane_mode_on-bad_wifi_calling-break_app_both_permissions-data_mode_o::t15#0 -> FAILED
[a4g/blockrun] telecom__mms_issueairplane_mode_on-bad_wifi_calling-break_app_both_permissions-data_mode_o::t15#1 -> CONFIRMED
[a4g/blockrun] telecom__mms_issueairplane_mode_on-bad_wifi_calling-break_app_both_permissions-data_mode_o::t15#2 -> CONFIRMED
[a4g/blockrun] telecom__mms_issueairplane_mode_on-break_app_both_permissionsPERSONA_Hard::t8#0 -> REFUTED
[a4g/blockrun] telecom__mms_issueairplane_mode_on-break_app_both_permissionsPERSONA_Hard::t8#2 -> REFUTED
[a4g/blockrun] telecom__mms_issuebad_network_preference-bad_wifi_calling-break_apn_mms_setting-break_app_::t7#0 -> CONFIRMED
[a4g/blockrun] telecom__mms_issuebreak_apn_mms_setting-user_abroad_roaming_enabled_offPERSONA_Hard::t27#0 -> UNCERTAIN
[a4g/blockrun] telecom__mms_issuebreak_apn_mms_setting-user_abroad_roaming_enabled_offPERSONA_Hard::t27#3 -> UNCERTAIN
[a4g/blockrun] telecom__mobile_data_issueairplane_mode_on-bad_network_preference-bad_vpn-data_saver_mode_::t7#0 -> CONFIRMED
[a4g/blockrun] telecom__mobile_data_issueairplane_mode_on-bad_network_preference-bad_vpn-data_saver_mode_::t7#1 -> CONFIRMED
[a4g/blockrun] telecom__service_issueairplane_mode_on-break_apn_settings-lock_sim_card_pin-overdue_bill_s::t15#0 -> UNCERTAIN
[a4g/blockrun] telecom__service_issueairplane_mode_on-break_apn_settings-lock_sim_card_pin-overdue_bill_s::t15#1 -> UNCERTAIN
[a4g/blockrun] telecom__service_issueairplane_mode_on-break_apn_settings-lock_sim_card_pin-overdue_bill_s::t15#2 -> REFUTED
[a4g/blockrun] telecom__service_issuebreak_apn_settings-contract_end_suspension-lock_sim_card_pin-unseat_::t13#0 -> CONFIRMED
[a4g/blockrun] airline__7::t6#0 -> UNCERTAIN
[a4g/blockrun] airline__7::t6#1 -> CONFIRMED
[a4g/blockrun] airline__7::t6#2 -> CONFIRMED
[a4g/blockrun] banking_knowledge__task_051::t15#0 -> UNCERTAIN
{
  "experiment": "G/A4+G graph-grounded full-context verification",
  "provider": "blockrun",
  "n_suspicions": 94,
  "verdict_distribution": {
    "REFUTED": 21,
    "CONFIRMED": 46,
    "UNCERTAIN": 12
  },
  "verifier_reported_using_graph": 32,
  "metrics": {
    "TP": 13,
    "FP": 9,
    "FN": 10,
    "TN": 14,
    "precision": 0.5909,
    "recall": 0.5652,
    "F1": 0.5778
  },
  "baseline_a4_pollinations": "see e4_a34_verify/a4_pollinations/summary.json"
}
