[gjudge/blockrun] 46 cases, 0 done
[gjudge/blockrun] airline__10::t19 -> 0
[gjudge/blockrun] airline__10::t21 -> FAILED
[gjudge/blockrun] airline__21::t7 -> 1
[gjudge/blockrun] airline__23::t10 -> 0
[gjudge/blockrun] airline__24::t14 -> 0
[gjudge/blockrun] airline__3::t4 -> 1
[gjudge/blockrun] airline__44::t22 -> 0
[gjudge/blockrun] airline__47::t1 -> 0
[gjudge/blockrun] airline__5::t1 -> 0
[gjudge/blockrun] airline__7::t6 -> 0
[gjudge/blockrun] airline__8::t7 -> 0
[gjudge/blockrun] airline__9::t6 -> FAILED
[gjudge/blockrun] banking_knowledge__task_003::t7 -> 1
[gjudge/blockrun] banking_knowledge__task_005::t6 -> 0
[gjudge/blockrun] banking_knowledge__task_018::t6 -> 1
[gjudge/blockrun] banking_knowledge__task_033::t2 -> FAILED
[gjudge/blockrun] banking_knowledge__task_051::t15 -> 0
[gjudge/blockrun] banking_knowledge__task_057::t2 -> 0
[gjudge/blockrun] banking_knowledge__task_063::t8 -> 0
[gjudge/blockrun] banking_knowledge__task_068::t11 -> FAILED
[gjudge/blockrun] banking_knowledge__task_080::t30 -> FAILED
[gjudge/blockrun] banking_knowledge__task_081::t35 -> 0
[gjudge/blockrun] banking_knowledge__task_083::t10 -> FAILED
[gjudge/blockrun] retail__106::t3 -> 1
[gjudge/blockrun] retail__108::t1 -> 0
[gjudge/blockrun] retail__12::t4 -> FAILED
[gjudge/blockrun] retail__14::t1 -> FAILED
[gjudge/blockrun] retail__27::t10 -> FAILED
[gjudge/blockrun] retail__29::t13 -> FAILED
[gjudge/blockrun] retail__36::t10 -> 0
[gjudge/blockrun] retail__47::t12 -> 0
[gjudge/blockrun] retail__48::t4 -> FAILED
[gjudge/blockrun] retail__78::t1 -> 0
[gjudge/blockrun] retail__87::t6 -> 0
[gjudge/blockrun] telecom__mms_issueairplane_mode_on-bad_network_preference-bad_wifi_calling-break_app_sms_p::t7 -> FAILED
[gjudge/blockrun] telecom__mms_issueairplane_mode_on-bad_network_preference-bad_wifi_calling-data_usage_exce::t7 -> 0
[gjudge/blockrun] telecom__mms_issueairplane_mode_on-bad_network_preference-break_apn_mms_setting-break_app_::t10 -> FAILED
[gjudge/blockrun] telecom__mms_issueairplane_mode_on-bad_network_preference-break_app_both_permissions-data_::t12 -> FAILED
[gjudge/blockrun] telecom__mms_issueairplane_mode_on-bad_wifi_calling-break_app_both_permissions-data_mode_o::t15 -> 0
[gjudge/blockrun] telecom__mms_issueairplane_mode_on-break_app_both_permissionsPERSONA_Hard::t8 -> FAILED
[gjudge/blockrun] telecom__mms_issuebad_network_preference-bad_wifi_calling-break_apn_mms_setting-break_app_::t7 -> FAILED
[gjudge/blockrun] telecom__mms_issuebreak_apn_mms_setting-user_abroad_roaming_enabled_offPERSONA_Hard::t27 -> 0
[gjudge/blockrun] telecom__mobile_data_issueairplane_mode_on-bad_network_preference-bad_vpn-data_saver_mode_::t7 -> 0
[gjudge/blockrun] telecom__mobile_data_issuebad_network_preference-bad_vpn-data_mode_off-data_saver_mode_onP::t6 -> 0
[gjudge/blockrun] telecom__service_issueairplane_mode_on-break_apn_settings-lock_sim_card_pin-overdue_bill_s::t15 -> 0
[gjudge/blockrun] telecom__service_issuebreak_apn_settings-contract_end_suspension-lock_sim_card_pin-unseat_::t13 -> FAILED
{
  "experiment": "G/judge+G graph-grounded first-stage judge",
  "provider": "blockrun",
  "n_scored": 29,
  "metrics": {
    "TP": 4,
    "FP": 1,
    "FN": 11,
    "TN": 13,
    "precision": 0.8,
    "recall": 0.2667,
    "F1": 0.4
  },
  "baseline_e2_pollinations_judge": {
    "TP": 17,
    "FP": 6,
    "FN": 5,
    "TN": 11,
    "F1": 0.7556,
    "n": 39
  }
}
