[e3b/blockrun] 46 cases, 0 done
[e3b] airline__10::t19 -> OK label=1 anchored=3/5
[e3b] airline__10::t21 -> OK label=1 anchored=4/5
[e3b] airline__21::t7 -> OK label=1 anchored=3/5
[e3b] airline__23::t10 -> OK label=0 anchored=1/5
[e3b] airline__24::t14 -> OK label=0 anchored=0/5
[e3b] airline__3::t4 -> OK label=1 anchored=3/5
[e3b] airline__44::t22 -> OK label=1 anchored=1/1
[e3b] airline__47::t1 -> FAILED label=None anchored=None/None
[e3b] airline__5::t1 -> OK label=1 anchored=4/5
[e3b] airline__7::t6 -> OK label=1 anchored=5/5
[e3b] airline__8::t7 -> FAILED label=None anchored=None/None
[e3b] airline__9::t6 -> OK label=1 anchored=4/5
[e3b] banking_knowledge__task_003::t7 -> OK label=0 anchored=0/0
[e3b] banking_knowledge__task_005::t6 -> OK label=0 anchored=0/0
[e3b] banking_knowledge__task_018::t6 -> OK label=1 anchored=5/5
[e3b] banking_knowledge__task_033::t2 -> OK label=1 anchored=5/5
[e3b] banking_knowledge__task_051::t15 -> FAILED label=None anchored=None/None
[e3b] banking_knowledge__task_057::t2 -> FAILED label=None anchored=None/None
[e3b] banking_knowledge__task_063::t8 -> FAILED label=None anchored=None/None
[e3b] banking_knowledge__task_068::t11 -> FAILED label=None anchored=None/None
[e3b] banking_knowledge__task_080::t30 -> FAILED label=None anchored=None/None
[e3b] banking_knowledge__task_081::t35 -> FAILED label=None anchored=None/None
[e3b] banking_knowledge__task_083::t10 -> FAILED label=None anchored=None/None
[e3b] retail__106::t3 -> OK label=1 anchored=1/1
[e3b] retail__108::t1 -> OK label=0 anchored=0/0
[e3b] retail__12::t4 -> FAILED label=None anchored=None/None
[e3b] retail__14::t1 -> OK label=1 anchored=5/5
[e3b] retail__27::t10 -> OK label=1 anchored=3/5
[e3b] retail__29::t13 -> OK label=1 anchored=3/5
[e3b] retail__36::t10 -> OK label=0 anchored=0/0
[e3b] retail__47::t12 -> OK label=1 anchored=5/5
[e3b] retail__48::t4 -> OK label=1 anchored=1/1
[e3b] retail__78::t1 -> OK label=0 anchored=0/0
[e3b] retail__87::t6 -> FAILED label=None anchored=None/None
[e3b] telecom__mms_issueairplane_mode_on-bad_network_preference-bad_wifi_calling-break_app_sms_p::t7 -> FAILED label=None anchored=None/None
[e3b] telecom__mms_issueairplane_mode_on-bad_network_preference-bad_wifi_calling-data_usage_exce::t7 -> OK label=0 anchored=0/0
[e3b] telecom__mms_issueairplane_mode_on-bad_network_preference-break_apn_mms_setting-break_app_::t10 -> OK label=1 anchored=4/5
[e3b] telecom__mms_issueairplane_mode_on-bad_network_preference-break_app_both_permissions-data_::t12 -> FAILED label=None anchored=None/None
[e3b] telecom__mms_issueairplane_mode_on-bad_wifi_calling-break_app_both_permissions-data_mode_o::t15 -> OK label=0 anchored=0/5
[e3b] telecom__mms_issueairplane_mode_on-break_app_both_permissionsPERSONA_Hard::t8 -> OK label=1 anchored=5/5
[e3b] telecom__mms_issuebad_network_preference-bad_wifi_calling-break_apn_mms_setting-break_app_::t7 -> FAILED label=None anchored=None/None
[e3b] telecom__mms_issuebreak_apn_mms_setting-user_abroad_roaming_enabled_offPERSONA_Hard::t27 -> OK label=1 anchored=4/5
[e3b] telecom__mobile_data_issueairplane_mode_on-bad_network_preference-bad_vpn-data_saver_mode_::t7 -> FAILED label=None anchored=None/None
[e3b] telecom__mobile_data_issuebad_network_preference-bad_vpn-data_mode_off-data_saver_mode_onP::t6 -> OK label=0 anchored=0/0
[e3b] telecom__service_issueairplane_mode_on-break_apn_settings-lock_sim_card_pin-overdue_bill_s::t15 -> OK label=0 anchored=0/0
[e3b] telecom__service_issuebreak_apn_settings-contract_end_suspension-lock_sim_card_pin-unseat_::t13 -> OK label=1 anchored=5/5
{
  "provider": "blockrun",
  "threshold": 0.5,
  "n_scored": 31,
  "suspicion_stats": {
    "suspicions": 103,
    "anchored": 74
  },
  "anchor_rate": 0.718,
  "metrics": {
    "TP": 12,
    "FP": 8,
    "FN": 11,
    "TN": 15,
    "precision": 0.6,
    "recall": 0.5217,
    "F1": 0.5581
  },
  "comparison": {
    "historical_A1_broken": {
      "F1": 0.0,
      "anchored": "0/120"
    },
    "E3a_post_hoc_A1R": {
      "TP": 20,
      "FP": 19,
      "FN": 3,
      "TN": 4,
      "F1": 0.6452
    }
  }
}
